python.exe : INFO: Created 
TensorFlow Lite XNNPACK delegate 
for CPU.
At line:1 char:1
+ & "d:/python projects/Off axis pro
jection/.venv/Scripts/python.exe" " 
...
+ ~~~~~~~~~~~~~~~~~~~~~~~~~~~~~~~~~~
~~~~~~~~~~~~~~~~~~~~~~~~~~~~~~~~~~~
    + CategoryInfo          : NotSp 
   ecified: (INFO: Created T...leg  
  ate for CPU.:String) [], Remote   
 Exception
    + FullyQualifiedErrorId : Nativ 
   eCommandError
 
WARNING: All log messages before 
absl::InitializeLog() is called are 
written to STDERR
W0000 00:00:1767814211.401507   
23592 
inference_feedback_manager.cc:114] 
Feedback manager requires a model 
with a single signature inference. 
Disabling support for feedback 
tensors.
W0000 00:00:1767814211.415658   
13120 
inference_feedback_manager.cc:114] 
Feedback manager requires a model 
with a single signature inference. 
Disabling support for feedback 
tensors.
W0000 00:00:1767814213.824778   
16040 landmark_projection_calculator
.cc:186] Using NORM_RECT without 
IMAGE_DIMENSIONS is only supported 
for the square ROI. Provide 
IMAGE_DIMENSIONS or use 
PROJECTION_MATRIX.
pygame 2.6.1 (SDL 2.28.4, Python 3.12.10)
Hello from the pygame community. https://www.pygame.org/contribute.html
[SMILE_TEXT] Revealing text at intro_time=6.31s
[TEXT DRAW STARTED] First render at t=6.31s, alpha=0.000
[DEBUG] t=8.0s | calibrated=False | smile=0.00 | state=0
[DEBUG] t=8.0s | calibrated=False | smile=0.00 | state=0
[DEBUG] t=8.0s | calibrated=False | smile=0.00 | state=0
[DEBUG] t=8.1s | calibrated=False | smile=0.00 | state=0
[DEBUG] t=8.1s | calibrated=False | smile=0.00 | state=0
[DEBUG] t=8.1s | calibrated=False | smile=0.00 | state=0
[SMILE_TEXT] Fully visible at intro_time=8.31s
[SMILE] Baseline calibration started at t=8.7s (initial metric=818.573)
[DEBUG] t=9.0s | calibrated=False | smile=0.00 | state=0
[DEBUG] t=9.0s | calibrated=False | smile=0.00 | state=0
[DEBUG] t=9.0s | calibrated=False | smile=0.00 | state=0
[DEBUG] t=9.1s | calibrated=False | smile=0.00 | state=0
[DEBUG] t=9.1s | calibrated=False | smile=0.00 | state=0
[DEBUG] t=9.1s | calibrated=False | smile=0.00 | state=0
[SMILE CALIBRATION] Samples=60, metric=471.684, baseline=607.603
[SMILE CALIBRATION] Samples=120, metric=347.974, baseline=470.064
[SMILE] Baseline FROZEN at t=10.8s (baseline=464.513, samples=122)
[SMILE COMPUTE #1] metric=329.9, baseline=464.5, diff=-134.6, raw=-0.897, target=0.000
[SMILE COMPUTE #2] metric=360.1, baseline=464.5, diff=-104.4, raw=-0.696, target=0.000
[SMILE COMPUTE #3] metric=360.1, baseline=464.5, diff=-104.4, raw=-0.696, target=0.000
[SMILE COMPUTE #4] metric=369.3, baseline=464.5, diff=-95.3, raw=-0.635, target=0.000
[SMILE COMPUTE #5] metric=369.3, baseline=464.5, diff=-95.3, raw=-0.635, target=0.000
[SMILE COMPUTE #6] metric=361.2, baseline=464.5, diff=-103.3, raw=-0.689, target=0.000
[SMILE COMPUTE #7] metric=361.2, baseline=464.5, diff=-103.3, raw=-0.689, target=0.000
[SMILE COMPUTE #8] metric=469.7, baseline=464.5, diff=5.2, raw=0.034, target=0.034
[SMILE COMPUTE #9] metric=469.7, baseline=464.5, diff=5.2, raw=0.034, target=0.034
[SMILE COMPUTE #10] metric=406.5, baseline=464.5, diff=-58.0, raw=-0.387, target=0.000
[SMILE COMPUTE #11] metric=406.5, baseline=464.5, diff=-58.0, raw=-0.387, target=0.000
[SMILE COMPUTE #12] metric=406.5, baseline=464.5, diff=-58.0, raw=-0.387, target=0.000
[SMILE COMPUTE #13] metric=467.9, baseline=464.5, diff=3.4, raw=0.022, target=0.022
[SMILE COMPUTE #14] metric=467.9, baseline=464.5, diff=3.4, raw=0.022, target=0.022
[SMILE COMPUTE #15] metric=399.5, baseline=464.5, diff=-65.0, raw=-0.434, target=0.000
[SMILE COMPUTE #16] metric=399.5, baseline=464.5, diff=-65.0, raw=-0.434, target=0.000
[SMILE COMPUTE #17] metric=372.3, baseline=464.5, diff=-92.2, raw=-0.615, target=0.000
[SMILE COMPUTE #18] metric=361.2, baseline=464.5, diff=-103.3, raw=-0.689, target=0.000
[SMILE COMPUTE #19] metric=361.2, baseline=464.5, diff=-103.3, raw=-0.689, target=0.000
[SMILE COMPUTE #20] metric=361.2, baseline=464.5, diff=-103.3, raw=-0.689, target=0.000
[SMILE COMPUTE #21] metric=500.2, baseline=464.5, diff=35.7, raw=0.238, target=0.238
[SMILE COMPUTE #22] metric=500.2, baseline=464.5, diff=35.7, raw=0.238, target=0.238
[SMILE COMPUTE #23] metric=458.4, baseline=464.5, diff=-6.1, raw=-0.041, target=0.000
[SMILE COMPUTE #24] metric=479.6, baseline=464.5, diff=15.1, raw=0.100, target=0.100
[SMILE COMPUTE #25] metric=479.6, baseline=464.5, diff=15.1, raw=0.100, target=0.100
[SMILE COMPUTE #26] metric=446.6, baseline=464.5, diff=-17.9, raw=-0.119, target=0.000
[SMILE COMPUTE #27] metric=446.6, baseline=464.5, diff=-17.9, raw=-0.119, target=0.000
[SMILE COMPUTE #28] metric=510.4, baseline=464.5, diff=45.9, raw=0.306, target=0.306
[SMILE COMPUTE #29] metric=510.4, baseline=464.5, diff=45.9, raw=0.306, target=0.306
[SMILE COMPUTE #30] metric=465.1, baseline=464.5, diff=0.6, raw=0.004, target=0.004
[DEBUG] t=12.0s | calibrated=True | smile=0.00 | state=0
[DEBUG] t=12.0s | calibrated=True | smile=0.00 | state=0
[DEBUG] t=12.0s | calibrated=True | smile=0.00 | state=0
[DEBUG] t=12.1s | calibrated=True | smile=0.00 | state=0
[DEBUG] t=12.1s | calibrated=True | smile=0.00 | state=0
[DEBUG] t=12.1s | calibrated=True | smile=0.00 | state=0
[DEBUG] t=13.0s | calibrated=True | smile=0.00 | state=0
[DEBUG] t=13.0s | calibrated=True | smile=0.00 | state=0
[DEBUG] t=13.0s | calibrated=True | smile=0.00 | state=0
[DEBUG] t=13.1s | calibrated=True | smile=0.00 | state=0
[DEBUG] t=13.1s | calibrated=True | smile=0.00 | state=0
[DEBUG] t=13.1s | calibrated=True | smile=0.00 | state=0
[DEBUG] t=16.0s | calibrated=True | smile=0.00 | state=0
[DEBUG] t=16.0s | calibrated=True | smile=0.00 | state=0
[DEBUG] t=16.0s | calibrated=True | smile=0.00 | state=0
[DEBUG] t=16.1s | calibrated=True | smile=0.00 | state=0
[DEBUG] t=16.1s | calibrated=True | smile=0.00 | state=0
[DEBUG] t=16.1s | calibrated=True | smile=0.00 | state=0
[DEBUG] t=17.0s | calibrated=True | smile=0.00 | state=0
[DEBUG] t=17.0s | calibrated=True | smile=0.00 | state=0
[DEBUG] t=17.0s | calibrated=True | smile=0.00 | state=0
[DEBUG] t=17.0s | calibrated=True | smile=0.00 | state=0
[DEBUG] t=17.1s | calibrated=True | smile=0.00 | state=0
[DEBUG] t=17.1s | calibrated=True | smile=0.00 | state=0
[DEBUG] t=17.1s | calibrated=True | smile=0.00 | state=0
[SMILE] Started smiling at t=19.8s (strength=0.39, threshold=0.35)
[DEBUG] t=20.0s | calibrated=True | smile=0.71 | state=0
[DEBUG] t=20.0s | calibrated=True | smile=0.73 | state=0
[DEBUG] t=20.0s | calibrated=True | smile=0.75 | state=0
[DEBUG] t=20.1s | calibrated=True | smile=0.77 | state=0
[DEBUG] t=20.1s | calibrated=True | smile=0.79 | state=0
[DEBUG] t=20.1s | calibrated=True | smile=0.80 | state=0

============================================================
[SMILE DETECTED!] Triggering awakening at t=20.2s
  tracker.detected = True
  smile_strength = 0.849 (threshold=0.35)
  sustained_for = 0.31s (required=0.3s)
  text.visible = True
  text.alpha = 1.000
============================================================

[DEBUG] t=21.0s | calibrated=True | smile=0.97 | state=1
[DEBUG] t=21.0s | calibrated=True | smile=0.97 | state=1
[DEBUG] t=21.0s | calibrated=True | smile=0.97 | state=1
[DEBUG] t=21.1s | calibrated=True | smile=0.97 | state=1
[DEBUG] t=21.1s | calibrated=True | smile=0.98 | state=1
[DEBUG] t=21.1s | calibrated=True | smile=0.98 | state=1
[DEBUG] t=24.0s | calibrated=True | smile=0.00 | state=1
[DEBUG] t=24.0s | calibrated=True | smile=0.00 | state=1
[DEBUG] t=24.0s | calibrated=True | smile=0.00 | state=1
[DEBUG] t=24.1s | calibrated=True | smile=0.00 | state=1
[DEBUG] t=24.1s | calibrated=True | smile=0.00 | state=1
[DEBUG] t=24.1s | calibrated=True | smile=0.00 | state=1
